./gradlew : WARNING: A 
restricted method in 
java.lang.System has been 
called
At line:1 char:1
+ ./gradlew assembleDebug > 
build_output.txt 2>&1
+ ~~~~~~~~~~~~~~~~~~~~~~~~~~~~
~~~~~~~~~~~~~~~~~~~
    + CategoryInfo          : 
    NotSpecified: (WARNING:   
  A rest...has been called:   
 String) [], RemoteExcepti    
on
    + FullyQualifiedErrorId : 
    NativeCommandError
 
WARNING: 
java.lang.System::load has 
been called by net.rubygrapefr
uit.platform.internal.NativeLi
braryLoader in an unnamed 
module (file:/C:/Users/nimes/.
gradle/wrapper/dists/gradle-8.
11.1-bin/bpt9gzteqjrbo1mjrsomd
t32c/gradle-8.11.1/lib/native-
platform-0.22-milestone-26.jar
)
WARNING: Use --enable-native-a
ccess=ALL-UNNAMED to avoid a 
warning for callers in this 
module
WARNING: Restricted methods 
will be blocked in a future 
release unless native access 
is enabled


FAILURE: Build failed with an 
exception.

* What went wrong:
25.0.1

* Try:
> Run with --stacktrace 
option to get the stack trace.
> Run with --info or --debug 
option to get more log output.
> Run with --scan to get full 
insights.
> Get more help at 
https://help.gradle.org.

BUILD FAILED in 644ms
